  ▲ Next.js 14.2.28
  - Environments: .env
  - Experiments (use with caution):
    · outputFileTracingRoot

   Creating an optimized production build ...
 ✓ Compiled successfully
   Skipping linting
   Checking validity of types ...
   Collecting page data ...
   Generating static pages (0/21) ...
   Generating static pages (5/21) 
   Generating static pages (10/21) 
   Generating static pages (15/21) 
 ✓ Generating static pages (21/21)
   Finalizing page optimization ...
   Collecting build traces ...

Route (app)                      Size     First Load JS
┌ ƒ /                            177 B          96.4 kB
├ ƒ /_not-found                  877 B          88.3 kB
├ ƒ /api/agent/chat              0 B                0 B
├ ƒ /api/agent/stub              0 B                0 B
├ ƒ /api/auth/[...nextauth]      0 B                0 B
├ ƒ /api/leads                   0 B                0 B
├ ƒ /api/leads/[id]              0 B                0 B
├ ƒ /api/leads/[id]/activities   0 B                0 B
├ ƒ /api/leads/[id]/notes        0 B                0 B
├ ƒ /api/leads/assess            0 B                0 B
├ ƒ /api/leads/import            0 B                0 B
├ ƒ /api/partner/admin/list      0 B                0 B
├ ƒ /api/partner/me              0 B                0 B
├ ƒ /api/partner/refer           0 B                0 B
├ ƒ /api/partner/signup          0 B                0 B
├ ƒ /api/pinecone/search         0 B                0 B
├ ƒ /api/signup                  0 B                0 B
├ ƒ /app                         6.85 kB         211 kB
├ ƒ /app/agent                   4.36 kB         107 kB
├ ƒ /app/analytics               11 kB           207 kB
├ ƒ /app/import                  5.21 kB         108 kB
├ ƒ /app/intelligence            4.47 kB         107 kB
├ ƒ /app/leads                   5.14 kB         133 kB
├ ƒ /app/leads/[id]              11.8 kB         148 kB
├ ƒ /app/leads/new               4.76 kB         132 kB
├ ƒ /app/pipeline                4.4 kB          116 kB
├ ƒ /app/referrals               3.5 kB          106 kB
├ ƒ /app/roi-calculator          6.97 kB         223 kB
├ ƒ /get-started                 5.87 kB         142 kB
├ ƒ /login                       3.94 kB         125 kB
├ ƒ /partner/login               3.95 kB         125 kB
├ ƒ /partner/portal              5.15 kB         116 kB
├ ƒ /partner/portal/refer        4.66 kB         107 kB
├ ƒ /partner/signup              4.45 kB         150 kB
└ ƒ /signup                      4.12 kB         125 kB
+ First Load JS shared by all    87.5 kB
  ├ chunks/718-a8edd1b2.js       31.8 kB
  ├ chunks/ceb5afef-ddacea6d.js  53.6 kB
  └ other shared chunks (total)  2.01 kB


ƒ Middleware                     47.7 kB

ƒ  (Dynamic)  server-rendered on demand

exit_code=0
